// Jest Snapshot v1, https://goo.gl/fbAQLP

exports[`<NotificationsProvider /> should properly handle opening and manually closing notifications 1`] = `
<div>
  <div
    class="sc-AxjAm jhHqhE"
  >
    <div
      class="sc-AxirZ gxUSKh"
    >
      <div>
        <button
          type="button"
        >
          notification
        </button>
      </div>
    </div>
    <div
      class="sc-AxirZ gxUSKh"
    >
      <div>
        <button
          type="button"
        >
          notification
        </button>
      </div>
    </div>
  </div>
  <button
    type="button"
  >
    show notification
  </button>
</div>
`;

exports[`<NotificationsProvider /> should render correctly 1`] = `
<div
  class="sc-AxjAm jhHqhE"
/>
`;

exports[`<NotificationsProvider /> should render correctly with custom props 1`] = `
<div
  class="sc-AxjAm jhHqhE"
/>
`;
