// Jest Snapshot v1, https://goo.gl/fbAQLP

exports[`<NotificationsProvider /> should render correctly 1`] = `
<div
  class="sc-bdVaJa bPYOLZ"
/>
`;

exports[`<NotificationsProvider /> should render correctly with custom props 1`] = `
<div
  class="sc-bdVaJa bPYOLZ"
/>
`;

exports[`<NotificationsProvider /> should render two notifications and then close them 1`] = `
<div>
  <div
    class="sc-bdVaJa bPYOLZ"
  >
    <div
      class="sc-bwzfXH fsdYYp"
    >
      <div>
        <button
          type="button"
        >
          notification
        </button>
      </div>
    </div>
    <div
      class="sc-bwzfXH fsdYYp"
    >
      <div>
        <button
          type="button"
        >
          notification
        </button>
      </div>
    </div>
  </div>
  <button
    type="button"
  >
    show notification
  </button>
</div>
`;
